--------------------------------------------------------------------------------
[Jul 06, 2026 3:03:19.9 AM GMT:ERROR:creative_new_tab_page_ads_util.cc(153)] Successfully saved creative new tab page ads
[Jul 06, 2026 3:03:19.9 AM GMT:ERROR:creative_new_tab_page_ads_util.cc(138)] Successfully saved creative set conversions
[Jul 06, 2026 3:22:13.1 AM GMT:ERROR:creative_new_tab_page_ads_util.cc(153)] Successfully saved creative new tab page ads
[Jul 06, 2026 3:22:13.1 AM GMT:ERROR:creative_new_tab_page_ads_util.cc(138)] Successfully saved creative set conversions
--------------------------------------------------------------------------------
[Jul 07, 2026 2:05:11.5 AM GMT:ERROR:creative_new_tab_page_ads_util.cc(153)] Successfully saved creative new tab page ads
[Jul 07, 2026 2:05:11.5 AM GMT:ERROR:creative_new_tab_page_ads_util.cc(138)] Successfully saved creative set conversions
[Jul 07, 2026 3:28:28.5 AM GMT:ERROR:creative_new_tab_page_ads_util.cc(153)] Successfully saved creative new tab page ads
[Jul 07, 2026 3:28:28.5 AM GMT:ERROR:creative_new_tab_page_ads_util.cc(138)] Successfully saved creative set conversions
[Jul 08, 2026 3:22:28.9 AM GMT:ERROR:creative_new_tab_page_ads_util.cc(153)] Successfully saved creative new tab page ads
[Jul 08, 2026 3:22:28.9 AM GMT:ERROR:creative_new_tab_page_ads_util.cc(138)] Successfully saved creative set conversions
[Jul 09, 2026 3:25:28.7 AM GMT:ERROR:creative_new_tab_page_ads_util.cc(153)] Successfully saved creative new tab page ads
[Jul 09, 2026 3:25:28.7 AM GMT:ERROR:creative_new_tab_page_ads_util.cc(138)] Successfully saved creative set conversions
[Jul 10, 2026 3:23:08.7 AM GMT:ERROR:creative_new_tab_page_ads_util.cc(153)] Successfully saved creative new tab page ads
[Jul 10, 2026 3:23:08.7 AM GMT:ERROR:creative_new_tab_page_ads_util.cc(138)] Successfully saved creative set conversions
[Jul 13, 2026 2:44:35.4 AM GMT:ERROR:creative_new_tab_page_ads_util.cc(153)] Successfully saved creative new tab page ads
[Jul 13, 2026 2:44:35.4 AM GMT:ERROR:creative_new_tab_page_ads_util.cc(138)] Successfully saved creative set conversions
[Jul 13, 2026 3:53:51.8 AM GMT:ERROR:creative_new_tab_page_ads_util.cc(153)] Successfully saved creative new tab page ads
[Jul 13, 2026 3:53:51.8 AM GMT:ERROR:creative_new_tab_page_ads_util.cc(138)] Successfully saved creative set conversions
--------------------------------------------------------------------------------
[Jul 13, 2026 9:46:12.4 PM GMT:ERROR:creative_new_tab_page_ads_util.cc(153)] Successfully saved creative new tab page ads
[Jul 13, 2026 9:46:12.4 PM GMT:ERROR:creative_new_tab_page_ads_util.cc(138)] Successfully saved creative set conversions
[Jul 14, 2026 3:30:19.9 AM GMT:ERROR:creative_new_tab_page_ads_util.cc(153)] Successfully saved creative new tab page ads
[Jul 14, 2026 3:30:19.9 AM GMT:ERROR:creative_new_tab_page_ads_util.cc(138)] Successfully saved creative set conversions
--------------------------------------------------------------------------------
[Jul 14, 2026 3:30:54.4 PM GMT:ERROR:creative_new_tab_page_ads_util.cc(153)] Successfully saved creative new tab page ads
[Jul 14, 2026 3:30:54.4 PM GMT:ERROR:creative_new_tab_page_ads_util.cc(138)] Successfully saved creative set conversions
[Jul 15, 2026 3:21:00.6 AM GMT:ERROR:creative_new_tab_page_ads_util.cc(153)] Successfully saved creative new tab page ads
[Jul 15, 2026 3:21:00.6 AM GMT:ERROR:creative_new_tab_page_ads_util.cc(138)] Successfully saved creative set conversions
[Jul 16, 2026 3:29:06.7 AM GMT:ERROR:creative_new_tab_page_ads_util.cc(153)] Successfully saved creative new tab page ads
[Jul 16, 2026 3:29:06.7 AM GMT:ERROR:creative_new_tab_page_ads_util.cc(138)] Successfully saved creative set conversions
[Jul 16, 2026 3:39:22.0 PM GMT:ERROR:redeem_non_reward_confirmation.cc(119)] Failed to redeem non-reward kViewedImpression confirmation for kNewTabPageAd with transaction id e813f9d0-1b92-49e1-a615-3b1ce050c001 and creative instance id a1cf75a7-5235-4a6b-a53a-1f4e6df7df2b
[Jul 16, 2026 3:39:22.0 PM GMT:ERROR:confirmations.cc(105)] Failed to process kViewedImpression confirmation for kNewTabPageAd with transaction id e813f9d0-1b92-49e1-a615-3b1ce050c001 and creative instance id a1cf75a7-5235-4a6b-a53a-1f4e6df7df2b
[Jul 16, 2026 3:39:43.0 PM GMT:ERROR:redeem_non_reward_confirmation.cc(119)] Failed to redeem non-reward kViewedImpression confirmation for kNewTabPageAd with transaction id e813f9d0-1b92-49e1-a615-3b1ce050c001 and creative instance id a1cf75a7-5235-4a6b-a53a-1f4e6df7df2b
[Jul 16, 2026 3:39:43.0 PM GMT:ERROR:confirmations.cc(105)] Failed to process kViewedImpression confirmation for kNewTabPageAd with transaction id e813f9d0-1b92-49e1-a615-3b1ce050c001 and creative instance id a1cf75a7-5235-4a6b-a53a-1f4e6df7df2b
[Jul 16, 2026 3:40:18.4 PM GMT:ERROR:redeem_non_reward_confirmation.cc(119)] Failed to redeem non-reward kViewedImpression confirmation for kNewTabPageAd with transaction id e813f9d0-1b92-49e1-a615-3b1ce050c001 and creative instance id a1cf75a7-5235-4a6b-a53a-1f4e6df7df2b
[Jul 16, 2026 3:40:18.4 PM GMT:ERROR:confirmations.cc(105)] Failed to process kViewedImpression confirmation for kNewTabPageAd with transaction id e813f9d0-1b92-49e1-a615-3b1ce050c001 and creative instance id a1cf75a7-5235-4a6b-a53a-1f4e6df7df2b
[Jul 16, 2026 3:43:11.8 PM GMT:ERROR:redeem_non_reward_confirmation.cc(119)] Failed to redeem non-reward kViewedImpression confirmation for kNewTabPageAd with transaction id e813f9d0-1b92-49e1-a615-3b1ce050c001 and creative instance id a1cf75a7-5235-4a6b-a53a-1f4e6df7df2b
[Jul 16, 2026 3:43:11.9 PM GMT:ERROR:confirmations.cc(105)] Failed to process kViewedImpression confirmation for kNewTabPageAd with transaction id e813f9d0-1b92-49e1-a615-3b1ce050c001 and creative instance id a1cf75a7-5235-4a6b-a53a-1f4e6df7df2b
[Jul 16, 2026 3:44:54.1 PM GMT:ERROR:redeem_non_reward_confirmation.cc(119)] Failed to redeem non-reward kViewedImpression confirmation for kNewTabPageAd with transaction id e813f9d0-1b92-49e1-a615-3b1ce050c001 and creative instance id a1cf75a7-5235-4a6b-a53a-1f4e6df7df2b
[Jul 16, 2026 3:44:54.1 PM GMT:ERROR:confirmations.cc(105)] Failed to process kViewedImpression confirmation for kNewTabPageAd with transaction id e813f9d0-1b92-49e1-a615-3b1ce050c001 and creative instance id a1cf75a7-5235-4a6b-a53a-1f4e6df7df2b
[Jul 17, 2026 3:23:38.1 AM GMT:ERROR:creative_new_tab_page_ads_util.cc(153)] Successfully saved creative new tab page ads
[Jul 17, 2026 3:23:38.1 AM GMT:ERROR:creative_new_tab_page_ads_util.cc(138)] Successfully saved creative set conversions
[Jul 18, 2026 3:51:55.5 AM GMT:ERROR:creative_new_tab_page_ads_util.cc(153)] Successfully saved creative new tab page ads
[Jul 18, 2026 3:51:55.5 AM GMT:ERROR:creative_new_tab_page_ads_util.cc(138)] Successfully saved creative set conversions
[Jul 19, 2026 4:53:36.6 AM GMT:ERROR:creative_new_tab_page_ads_util.cc(153)] Successfully saved creative new tab page ads
[Jul 19, 2026 4:53:36.6 AM GMT:ERROR:creative_new_tab_page_ads_util.cc(138)] Successfully saved creative set conversions
[Jul 20, 2026 8:03:51.3 AM GMT:ERROR:creative_new_tab_page_ads_util.cc(153)] Successfully saved creative new tab page ads
[Jul 20, 2026 8:03:51.3 AM GMT:ERROR:creative_new_tab_page_ads_util.cc(138)] Successfully saved creative set conversions
[Jul 21, 2026 3:18:57.2 AM GMT:ERROR:creative_new_tab_page_ads_util.cc(153)] Successfully saved creative new tab page ads
[Jul 21, 2026 3:18:57.2 AM GMT:ERROR:creative_new_tab_page_ads_util.cc(138)] Successfully saved creative set conversions
[Jul 22, 2026 3:21:21.5 AM GMT:ERROR:creative_new_tab_page_ads_util.cc(153)] Successfully saved creative new tab page ads
[Jul 22, 2026 3:21:21.5 AM GMT:ERROR:creative_new_tab_page_ads_util.cc(138)] Successfully saved creative set conversions
